{"__type":"$$EventMessageAudit","id":"4c161648-a531-4529-bd54-63be07b3f970","ts":"2026-09-29T09:45:19.836+02:00","eventName":"n8n.audit.cluster.instance-joined","message":"n8n.audit.cluster.instance-joined","payload":{"instanceKey":"b060a6fb-8310-4c7d-9272-0946e7b9d746","hostId":"main-1b9b45614548","instanceType":"main","instanceRole":"leader","version":"2.40.7"}}
{"__type":"$$EventMessageConfirm","confirm":"4c161648-a531-4529-bd54-63be07b3f970","ts":"2026-09-29T09:45:19.836+02:00","source":{"id":"0","name":"eventBus"}}
{"__type":"$$EventMessageAudit","id":"2d3034d7-235a-44e0-ae5e-0d4d60ef74b3","ts":"2026-09-29T09:48:55.378+02:00","eventName":"n8n.audit.workflow.executed","message":"n8n.audit.workflow.executed","payload":{"workflowId":"l5OL7xp4lTsRVx3O","workflowName":"INQABA-02-PROJECTS-FEED","executionId":"92","projectId":"PBlSUiAMQl3O96o8","projectName":"Andrew  Mthethwa <develomentorg11@gmail.com>","source":"webhook"}}
{"__type":"$$EventMessageConfirm","confirm":"2d3034d7-235a-44e0-ae5e-0d4d60ef74b3","ts":"2026-09-29T09:48:55.378+02:00","source":{"id":"0","name":"eventBus"}}
{"__type":"$$EventMessageWorkflow","id":"f1466494-be69-4ba5-bc4a-7673aa9fabb7","ts":"2026-09-29T09:48:55.379+02:00","eventName":"n8n.workflow.started","message":"n8n.workflow.started","payload":{"executionId":"92","workflowId":"l5OL7xp4lTsRVx3O","isManual":false,"mode":"webhook","workflowName":"INQABA-02-PROJECTS-FEED","projectId":"PBlSUiAMQl3O96o8","projectName":"Andrew  Mthethwa <develomentorg11@gmail.com>"}}
{"__type":"$$EventMessageConfirm","confirm":"f1466494-be69-4ba5-bc4a-7673aa9fabb7","ts":"2026-09-29T09:48:55.379+02:00","source":{"id":"0","name":"eventBus"}}
{"__type":"$$EventMessageNode","id":"e0884507-4377-40f0-8eb5-11e41425b2a6","ts":"2026-09-29T09:48:55.380+02:00","eventName":"n8n.node.started","message":"n8n.node.started","payload":{"workflowId":"l5OL7xp4lTsRVx3O","workflowName":"INQABA-02-PROJECTS-FEED","executionId":"92","nodeType":"n8n-nodes-base.webhook","nodeName":"Webhook","nodeId":"4d0344b7-c53b-462c-9a5e-a119dcc037d9"}}
{"__type":"$$EventMessageConfirm","confirm":"e0884507-4377-40f0-8eb5-11e41425b2a6","ts":"2026-09-29T09:48:55.380+02:00","source":{"id":"0","name":"eventBus"}}
{"__type":"$$EventMessageNode","id":"6b6b5743-fd9e-44a4-ad8c-d33929b117f9","ts":"2026-09-29T09:48:55.382+02:00","eventName":"n8n.node.finished","message":"n8n.node.finished","payload":{"workflowId":"l5OL7xp4lTsRVx3O","workflowName":"INQABA-02-PROJECTS-FEED","executionId":"92","nodeType":"n8n-nodes-base.webhook","nodeName":"Webhook","nodeId":"4d0344b7-c53b-462c-9a5e-a119dcc037d9"}}
{"__type":"$$EventMessageConfirm","confirm":"6b6b5743-fd9e-44a4-ad8c-d33929b117f9","ts":"2026-09-29T09:48:55.382+02:00","source":{"id":"0","name":"eventBus"}}
{"__type":"$$EventMessageNode","id":"f7ba4dee-d525-4323-888b-3d1ac2e5cc84","ts":"2026-09-29T09:48:55.383+02:00","eventName":"n8n.node.started","message":"n8n.node.started","payload":{"workflowId":"l5OL7xp4lTsRVx3O","workflowName":"INQABA-02-PROJECTS-FEED","executionId":"92","nodeType":"n8n-nodes-base.postgres","nodeName":"Execute a SQL query","nodeId":"5bd250fb-b39c-4d83-8ca9-83d9d26769de"}}
{"__type":"$$EventMessageConfirm","confirm":"f7ba4dee-d525-4323-888b-3d1ac2e5cc84","ts":"2026-09-29T09:48:55.383+02:00","source":{"id":"0","name":"eventBus"}}
{"__type":"$$EventMessageNode","id":"34c8e285-27af-4ff8-bba3-eabbfdf109ba","ts":"2026-09-29T09:48:55.502+02:00","eventName":"n8n.node.finished","message":"n8n.node.finished","payload":{"workflowId":"l5OL7xp4lTsRVx3O","workflowName":"INQABA-02-PROJECTS-FEED","executionId":"92","nodeType":"n8n-nodes-base.postgres","nodeName":"Execute a SQL query","nodeId":"5bd250fb-b39c-4d83-8ca9-83d9d26769de"}}
{"__type":"$$EventMessageConfirm","confirm":"34c8e285-27af-4ff8-bba3-eabbfdf109ba","ts":"2026-09-29T09:48:55.502+02:00","source":{"id":"0","name":"eventBus"}}
{"__type":"$$EventMessageNode","id":"221bde0e-8233-4864-bc8b-159f9debf547","ts":"2026-09-29T09:48:55.502+02:00","eventName":"n8n.node.started","message":"n8n.node.started","payload":{"workflowId":"l5OL7xp4lTsRVx3O","workflowName":"INQABA-02-PROJECTS-FEED","executionId":"92","nodeType":"n8n-nodes-base.respondToWebhook","nodeName":"Respond to Webhook","nodeId":"9bf94db1-ce16-4752-9e78-3dd75ed52815"}}
{"__type":"$$EventMessageConfirm","confirm":"221bde0e-8233-4864-bc8b-159f9debf547","ts":"2026-09-29T09:48:55.502+02:00","source":{"id":"0","name":"eventBus"}}
{"__type":"$$EventMessageNode","id":"1005dbb2-f416-4fa3-aa13-02e44a3a7a01","ts":"2026-09-29T09:48:55.507+02:00","eventName":"n8n.node.finished","message":"n8n.node.finished","payload":{"workflowId":"l5OL7xp4lTsRVx3O","workflowName":"INQABA-02-PROJECTS-FEED","executionId":"92","nodeType":"n8n-nodes-base.respondToWebhook","nodeName":"Respond to Webhook","nodeId":"9bf94db1-ce16-4752-9e78-3dd75ed52815"}}
{"__type":"$$EventMessageConfirm","confirm":"1005dbb2-f416-4fa3-aa13-02e44a3a7a01","ts":"2026-09-29T09:48:55.507+02:00","source":{"id":"0","name":"eventBus"}}
{"__type":"$$EventMessageWorkflow","id":"c923ab3b-3784-4f6d-aedb-d6da3221ceac","ts":"2026-09-29T09:48:55.509+02:00","eventName":"n8n.workflow.success","message":"n8n.workflow.success","payload":{"executionId":"92","success":true,"isManual":false,"mode":"webhook","workflowId":"l5OL7xp4lTsRVx3O","workflowName":"INQABA-02-PROJECTS-FEED","projectId":"PBlSUiAMQl3O96o8","projectName":"Andrew  Mthethwa <develomentorg11@gmail.com>"}}
{"__type":"$$EventMessageConfirm","confirm":"c923ab3b-3784-4f6d-aedb-d6da3221ceac","ts":"2026-09-29T09:48:55.509+02:00","source":{"id":"0","name":"eventBus"}}
{"__type":"$$EventMessageAudit","id":"06d89428-e203-4757-9c82-76f3ac19beac","ts":"2026-09-29T09:48:56.592+02:00","eventName":"n8n.audit.workflow.executed","message":"n8n.audit.workflow.executed","payload":{"workflowId":"l5OL7xp4lTsRVx3O","workflowName":"INQABA-02-PROJECTS-FEED","executionId":"93","projectId":"PBlSUiAMQl3O96o8","projectName":"Andrew  Mthethwa <develomentorg11@gmail.com>","source":"webhook"}}
{"__type":"$$EventMessageConfirm","confirm":"06d89428-e203-4757-9c82-76f3ac19beac","ts":"2026-09-29T09:48:56.592+02:00","source":{"id":"0","name":"eventBus"}}
{"__type":"$$EventMessageWorkflow","id":"d1ecadf8-b0af-4c1c-b016-66d21ac927c3","ts":"2026-09-29T09:48:56.592+02:00","eventName":"n8n.workflow.started","message":"n8n.workflow.started","payload":{"executionId":"93","workflowId":"l5OL7xp4lTsRVx3O","isManual":false,"mode":"webhook","workflowName":"INQABA-02-PROJECTS-FEED","projectId":"PBlSUiAMQl3O96o8","projectName":"Andrew  Mthethwa <develomentorg11@gmail.com>"}}
{"__type":"$$EventMessageConfirm","confirm":"d1ecadf8-b0af-4c1c-b016-66d21ac927c3","ts":"2026-09-29T09:48:56.592+02:00","source":{"id":"0","name":"eventBus"}}
{"__type":"$$EventMessageNode","id":"51eac01d-9464-4b0c-809c-8e8385cc61ff","ts":"2026-09-29T09:48:56.592+02:00","eventName":"n8n.node.started","message":"n8n.node.started","payload":{"workflowId":"l5OL7xp4lTsRVx3O","workflowName":"INQABA-02-PROJECTS-FEED","executionId":"93","nodeType":"n8n-nodes-base.webhook","nodeName":"Webhook","nodeId":"4d0344b7-c53b-462c-9a5e-a119dcc037d9"}}
{"__type":"$$EventMessageConfirm","confirm":"51eac01d-9464-4b0c-809c-8e8385cc61ff","ts":"2026-09-29T09:48:56.592+02:00","source":{"id":"0","name":"eventBus"}}
{"__type":"$$EventMessageNode","id":"4fbf6ca6-1c16-43f6-8254-62864bf3df42","ts":"2026-09-29T09:48:56.593+02:00","eventName":"n8n.node.finished","message":"n8n.node.finished","payload":{"workflowId":"l5OL7xp4lTsRVx3O","workflowName":"INQABA-02-PROJECTS-FEED","executionId":"93","nodeType":"n8n-nodes-base.webhook","nodeName":"Webhook","nodeId":"4d0344b7-c53b-462c-9a5e-a119dcc037d9"}}
{"__type":"$$EventMessageConfirm","confirm":"4fbf6ca6-1c16-43f6-8254-62864bf3df42","ts":"2026-09-29T09:48:56.593+02:00","source":{"id":"0","name":"eventBus"}}
{"__type":"$$EventMessageNode","id":"128781f6-f797-4b41-8046-3635e53c71e9","ts":"2026-09-29T09:48:56.593+02:00","eventName":"n8n.node.started","message":"n8n.node.started","payload":{"workflowId":"l5OL7xp4lTsRVx3O","workflowName":"INQABA-02-PROJECTS-FEED","executionId":"93","nodeType":"n8n-nodes-base.postgres","nodeName":"Execute a SQL query","nodeId":"5bd250fb-b39c-4d83-8ca9-83d9d26769de"}}
{"__type":"$$EventMessageConfirm","confirm":"128781f6-f797-4b41-8046-3635e53c71e9","ts":"2026-09-29T09:48:56.593+02:00","source":{"id":"0","name":"eventBus"}}
{"__type":"$$EventMessageNode","id":"819f823b-1bc2-447f-9f83-442353fd5d4b","ts":"2026-09-29T09:48:56.597+02:00","eventName":"n8n.node.finished","message":"n8n.node.finished","payload":{"workflowId":"l5OL7xp4lTsRVx3O","workflowName":"INQABA-02-PROJECTS-FEED","executionId":"93","nodeType":"n8n-nodes-base.postgres","nodeName":"Execute a SQL query","nodeId":"5bd250fb-b39c-4d83-8ca9-83d9d26769de"}}
{"__type":"$$EventMessageConfirm","confirm":"819f823b-1bc2-447f-9f83-442353fd5d4b","ts":"2026-09-29T09:48:56.597+02:00","source":{"id":"0","name":"eventBus"}}
{"__type":"$$EventMessageNode","id":"bbfaeb2c-090e-4c60-aa25-6242d75c5c27","ts":"2026-09-29T09:48:56.597+02:00","eventName":"n8n.node.started","message":"n8n.node.started","payload":{"workflowId":"l5OL7xp4lTsRVx3O","workflowName":"INQABA-02-PROJECTS-FEED","executionId":"93","nodeType":"n8n-nodes-base.respondToWebhook","nodeName":"Respond to Webhook","nodeId":"9bf94db1-ce16-4752-9e78-3dd75ed52815"}}
{"__type":"$$EventMessageConfirm","confirm":"bbfaeb2c-090e-4c60-aa25-6242d75c5c27","ts":"2026-09-29T09:48:56.597+02:00","source":{"id":"0","name":"eventBus"}}
{"__type":"$$EventMessageNode","id":"8656dba7-388b-4707-8846-a7e9eeda59a3","ts":"2026-09-29T09:48:56.598+02:00","eventName":"n8n.node.finished","message":"n8n.node.finished","payload":{"workflowId":"l5OL7xp4lTsRVx3O","workflowName":"INQABA-02-PROJECTS-FEED","executionId":"93","nodeType":"n8n-nodes-base.respondToWebhook","nodeName":"Respond to Webhook","nodeId":"9bf94db1-ce16-4752-9e78-3dd75ed52815"}}
{"__type":"$$EventMessageConfirm","confirm":"8656dba7-388b-4707-8846-a7e9eeda59a3","ts":"2026-09-29T09:48:56.598+02:00","source":{"id":"0","name":"eventBus"}}
{"__type":"$$EventMessageWorkflow","id":"cb0bab22-579b-4af8-a40d-766d1b23078b","ts":"2026-09-29T09:48:56.598+02:00","eventName":"n8n.workflow.success","message":"n8n.workflow.success","payload":{"executionId":"93","success":true,"isManual":false,"mode":"webhook","workflowId":"l5OL7xp4lTsRVx3O","workflowName":"INQABA-02-PROJECTS-FEED","projectId":"PBlSUiAMQl3O96o8","projectName":"Andrew  Mthethwa <develomentorg11@gmail.com>"}}
{"__type":"$$EventMessageConfirm","confirm":"cb0bab22-579b-4af8-a40d-766d1b23078b","ts":"2026-09-29T09:48:56.598+02:00","source":{"id":"0","name":"eventBus"}}
{"__type":"$$EventMessageAudit","id":"49befedf-f0b5-4ea6-9f63-79caf78a222e","ts":"2026-09-29T11:05:49.815+02:00","eventName":"n8n.audit.workflow.executed","message":"n8n.audit.workflow.executed","payload":{"workflowId":"l5OL7xp4lTsRVx3O","workflowName":"INQABA-02-PROJECTS-FEED","executionId":"94","projectId":"PBlSUiAMQl3O96o8","projectName":"Andrew  Mthethwa <develomentorg11@gmail.com>","source":"webhook"}}
{"__type":"$$EventMessageConfirm","confirm":"49befedf-f0b5-4ea6-9f63-79caf78a222e","ts":"2026-09-29T11:05:49.815+02:00","source":{"id":"0","name":"eventBus"}}
{"__type":"$$EventMessageWorkflow","id":"653b0fac-04c0-4f53-86e8-f13817d653a6","ts":"2026-09-29T11:05:49.815+02:00","eventName":"n8n.workflow.started","message":"n8n.workflow.started","payload":{"executionId":"94","workflowId":"l5OL7xp4lTsRVx3O","isManual":false,"mode":"webhook","workflowName":"INQABA-02-PROJECTS-FEED","projectId":"PBlSUiAMQl3O96o8","projectName":"Andrew  Mthethwa <develomentorg11@gmail.com>"}}
{"__type":"$$EventMessageConfirm","confirm":"653b0fac-04c0-4f53-86e8-f13817d653a6","ts":"2026-09-29T11:05:49.815+02:00","source":{"id":"0","name":"eventBus"}}
{"__type":"$$EventMessageNode","id":"c2f47c55-e8de-42d3-ae77-a3501121c4c6","ts":"2026-09-29T11:05:49.815+02:00","eventName":"n8n.node.started","message":"n8n.node.started","payload":{"workflowId":"l5OL7xp4lTsRVx3O","workflowName":"INQABA-02-PROJECTS-FEED","executionId":"94","nodeType":"n8n-nodes-base.webhook","nodeName":"Webhook","nodeId":"4d0344b7-c53b-462c-9a5e-a119dcc037d9"}}
{"__type":"$$EventMessageConfirm","confirm":"c2f47c55-e8de-42d3-ae77-a3501121c4c6","ts":"2026-09-29T11:05:49.815+02:00","source":{"id":"0","name":"eventBus"}}
{"__type":"$$EventMessageNode","id":"ef7ad0e3-02f6-4990-8184-3a8dfe2a6150","ts":"2026-09-29T11:05:49.816+02:00","eventName":"n8n.node.finished","message":"n8n.node.finished","payload":{"workflowId":"l5OL7xp4lTsRVx3O","workflowName":"INQABA-02-PROJECTS-FEED","executionId":"94","nodeType":"n8n-nodes-base.webhook","nodeName":"Webhook","nodeId":"4d0344b7-c53b-462c-9a5e-a119dcc037d9"}}
{"__type":"$$EventMessageConfirm","confirm":"ef7ad0e3-02f6-4990-8184-3a8dfe2a6150","ts":"2026-09-29T11:05:49.816+02:00","source":{"id":"0","name":"eventBus"}}
{"__type":"$$EventMessageNode","id":"770d6faf-bab1-4f8b-83a7-472d398e7cd6","ts":"2026-09-29T11:05:49.816+02:00","eventName":"n8n.node.started","message":"n8n.node.started","payload":{"workflowId":"l5OL7xp4lTsRVx3O","workflowName":"INQABA-02-PROJECTS-FEED","executionId":"94","nodeType":"n8n-nodes-base.postgres","nodeName":"Execute a SQL query","nodeId":"5bd250fb-b39c-4d83-8ca9-83d9d26769de"}}
{"__type":"$$EventMessageConfirm","confirm":"770d6faf-bab1-4f8b-83a7-472d398e7cd6","ts":"2026-09-29T11:05:49.816+02:00","source":{"id":"0","name":"eventBus"}}
{"__type":"$$EventMessageNode","id":"27d71243-f117-41d6-9ca2-184a4d619f6d","ts":"2026-09-29T11:05:49.836+02:00","eventName":"n8n.node.finished","message":"n8n.node.finished","payload":{"workflowId":"l5OL7xp4lTsRVx3O","workflowName":"INQABA-02-PROJECTS-FEED","executionId":"94","nodeType":"n8n-nodes-base.postgres","nodeName":"Execute a SQL query","nodeId":"5bd250fb-b39c-4d83-8ca9-83d9d26769de"}}
{"__type":"$$EventMessageConfirm","confirm":"27d71243-f117-41d6-9ca2-184a4d619f6d","ts":"2026-09-29T11:05:49.836+02:00","source":{"id":"0","name":"eventBus"}}
{"__type":"$$EventMessageNode","id":"9a2fb491-d8f0-44f4-b89a-257ba115eb1b","ts":"2026-09-29T11:05:49.837+02:00","eventName":"n8n.node.started","message":"n8n.node.started","payload":{"workflowId":"l5OL7xp4lTsRVx3O","workflowName":"INQABA-02-PROJECTS-FEED","executionId":"94","nodeType":"n8n-nodes-base.respondToWebhook","nodeName":"Respond to Webhook","nodeId":"9bf94db1-ce16-4752-9e78-3dd75ed52815"}}
{"__type":"$$EventMessageConfirm","confirm":"9a2fb491-d8f0-44f4-b89a-257ba115eb1b","ts":"2026-09-29T11:05:49.837+02:00","source":{"id":"0","name":"eventBus"}}
{"__type":"$$EventMessageNode","id":"398b05f1-3942-4e76-88fc-0d5cb5fdade8","ts":"2026-09-29T11:05:49.839+02:00","eventName":"n8n.node.finished","message":"n8n.node.finished","payload":{"workflowId":"l5OL7xp4lTsRVx3O","workflowName":"INQABA-02-PROJECTS-FEED","executionId":"94","nodeType":"n8n-nodes-base.respondToWebhook","nodeName":"Respond to Webhook","nodeId":"9bf94db1-ce16-4752-9e78-3dd75ed52815"}}
{"__type":"$$EventMessageConfirm","confirm":"398b05f1-3942-4e76-88fc-0d5cb5fdade8","ts":"2026-09-29T11:05:49.839+02:00","source":{"id":"0","name":"eventBus"}}
{"__type":"$$EventMessageWorkflow","id":"66669925-ec6b-4e76-9309-76b0f0617471","ts":"2026-09-29T11:05:49.839+02:00","eventName":"n8n.workflow.success","message":"n8n.workflow.success","payload":{"executionId":"94","success":true,"isManual":false,"mode":"webhook","workflowId":"l5OL7xp4lTsRVx3O","workflowName":"INQABA-02-PROJECTS-FEED","projectId":"PBlSUiAMQl3O96o8","projectName":"Andrew  Mthethwa <develomentorg11@gmail.com>"}}
{"__type":"$$EventMessageConfirm","confirm":"66669925-ec6b-4e76-9309-76b0f0617471","ts":"2026-09-29T11:05:49.839+02:00","source":{"id":"0","name":"eventBus"}}
{"__type":"$$EventMessageAudit","id":"58c24282-7313-4b35-8c79-b424730df763","ts":"2026-09-29T11:07:18.191+02:00","eventName":"n8n.audit.workflow.executed","message":"n8n.audit.workflow.executed","payload":{"workflowId":"l5OL7xp4lTsRVx3O","workflowName":"INQABA-02-PROJECTS-FEED","executionId":"95","projectId":"PBlSUiAMQl3O96o8","projectName":"Andrew  Mthethwa <develomentorg11@gmail.com>","source":"webhook"}}
{"__type":"$$EventMessageConfirm","confirm":"58c24282-7313-4b35-8c79-b424730df763","ts":"2026-09-29T11:07:18.191+02:00","source":{"id":"0","name":"eventBus"}}
{"__type":"$$EventMessageWorkflow","id":"4e524505-1f3b-49e5-b182-c214668c06a1","ts":"2026-09-29T11:07:18.191+02:00","eventName":"n8n.workflow.started","message":"n8n.workflow.started","payload":{"executionId":"95","workflowId":"l5OL7xp4lTsRVx3O","isManual":false,"mode":"webhook","workflowName":"INQABA-02-PROJECTS-FEED","projectId":"PBlSUiAMQl3O96o8","projectName":"Andrew  Mthethwa <develomentorg11@gmail.com>"}}
{"__type":"$$EventMessageConfirm","confirm":"4e524505-1f3b-49e5-b182-c214668c06a1","ts":"2026-09-29T11:07:18.191+02:00","source":{"id":"0","name":"eventBus"}}
{"__type":"$$EventMessageNode","id":"025e16db-401c-400d-a4c6-011347e8ac09","ts":"2026-09-29T11:07:18.191+02:00","eventName":"n8n.node.started","message":"n8n.node.started","payload":{"workflowId":"l5OL7xp4lTsRVx3O","workflowName":"INQABA-02-PROJECTS-FEED","executionId":"95","nodeType":"n8n-nodes-base.webhook","nodeName":"Webhook","nodeId":"4d0344b7-c53b-462c-9a5e-a119dcc037d9"}}
{"__type":"$$EventMessageConfirm","confirm":"025e16db-401c-400d-a4c6-011347e8ac09","ts":"2026-09-29T11:07:18.191+02:00","source":{"id":"0","name":"eventBus"}}
{"__type":"$$EventMessageNode","id":"e19292ea-c621-4f27-9b2b-fd0d4e2c11bb","ts":"2026-09-29T11:07:18.191+02:00","eventName":"n8n.node.finished","message":"n8n.node.finished","payload":{"workflowId":"l5OL7xp4lTsRVx3O","workflowName":"INQABA-02-PROJECTS-FEED","executionId":"95","nodeType":"n8n-nodes-base.webhook","nodeName":"Webhook","nodeId":"4d0344b7-c53b-462c-9a5e-a119dcc037d9"}}
{"__type":"$$EventMessageConfirm","confirm":"e19292ea-c621-4f27-9b2b-fd0d4e2c11bb","ts":"2026-09-29T11:07:18.191+02:00","source":{"id":"0","name":"eventBus"}}
{"__type":"$$EventMessageNode","id":"dc05b8a0-0b95-4552-84bc-d7e4d7c18ae9","ts":"2026-09-29T11:07:18.191+02:00","eventName":"n8n.node.started","message":"n8n.node.started","payload":{"workflowId":"l5OL7xp4lTsRVx3O","workflowName":"INQABA-02-PROJECTS-FEED","executionId":"95","nodeType":"n8n-nodes-base.postgres","nodeName":"Execute a SQL query","nodeId":"5bd250fb-b39c-4d83-8ca9-83d9d26769de"}}
{"__type":"$$EventMessageConfirm","confirm":"dc05b8a0-0b95-4552-84bc-d7e4d7c18ae9","ts":"2026-09-29T11:07:18.191+02:00","source":{"id":"0","name":"eventBus"}}
{"__type":"$$EventMessageNode","id":"ee31a349-7edc-41e1-88e3-5af0d8409db8","ts":"2026-09-29T11:07:18.210+02:00","eventName":"n8n.node.finished","message":"n8n.node.finished","payload":{"workflowId":"l5OL7xp4lTsRVx3O","workflowName":"INQABA-02-PROJECTS-FEED","executionId":"95","nodeType":"n8n-nodes-base.postgres","nodeName":"Execute a SQL query","nodeId":"5bd250fb-b39c-4d83-8ca9-83d9d26769de"}}
{"__type":"$$EventMessageConfirm","confirm":"ee31a349-7edc-41e1-88e3-5af0d8409db8","ts":"2026-09-29T11:07:18.210+02:00","source":{"id":"0","name":"eventBus"}}
{"__type":"$$EventMessageNode","id":"e36cd7bc-aeb6-4d43-8279-24b4495ded00","ts":"2026-09-29T11:07:18.210+02:00","eventName":"n8n.node.started","message":"n8n.node.started","payload":{"workflowId":"l5OL7xp4lTsRVx3O","workflowName":"INQABA-02-PROJECTS-FEED","executionId":"95","nodeType":"n8n-nodes-base.respondToWebhook","nodeName":"Respond to Webhook","nodeId":"9bf94db1-ce16-4752-9e78-3dd75ed52815"}}
{"__type":"$$EventMessageConfirm","confirm":"e36cd7bc-aeb6-4d43-8279-24b4495ded00","ts":"2026-09-29T11:07:18.210+02:00","source":{"id":"0","name":"eventBus"}}
{"__type":"$$EventMessageNode","id":"ea310889-e39a-484c-8694-d9c73cd9c51f","ts":"2026-09-29T11:07:18.211+02:00","eventName":"n8n.node.finished","message":"n8n.node.finished","payload":{"workflowId":"l5OL7xp4lTsRVx3O","workflowName":"INQABA-02-PROJECTS-FEED","executionId":"95","nodeType":"n8n-nodes-base.respondToWebhook","nodeName":"Respond to Webhook","nodeId":"9bf94db1-ce16-4752-9e78-3dd75ed52815"}}
{"__type":"$$EventMessageConfirm","confirm":"ea310889-e39a-484c-8694-d9c73cd9c51f","ts":"2026-09-29T11:07:18.211+02:00","source":{"id":"0","name":"eventBus"}}
{"__type":"$$EventMessageWorkflow","id":"a13af4a3-c6ea-4693-8ea7-c5424adf7d1d","ts":"2026-09-29T11:07:18.211+02:00","eventName":"n8n.workflow.success","message":"n8n.workflow.success","payload":{"executionId":"95","success":true,"isManual":false,"mode":"webhook","workflowId":"l5OL7xp4lTsRVx3O","workflowName":"INQABA-02-PROJECTS-FEED","projectId":"PBlSUiAMQl3O96o8","projectName":"Andrew  Mthethwa <develomentorg11@gmail.com>"}}
{"__type":"$$EventMessageConfirm","confirm":"a13af4a3-c6ea-4693-8ea7-c5424adf7d1d","ts":"2026-09-29T11:07:18.211+02:00","source":{"id":"0","name":"eventBus"}}
